Archive member included because of file (symbol)

/home/alina/ca/magn/Make-dir/libcore.a(wiring.o)
                              comp.o (delay)
/usr/lib/gcc/avr/4.3.5/avr5/libgcc.a(_exit.o)
                              /usr/lib/gcc/avr/4.3.5/../../../avr/lib/avr5/crtm328p.o (exit)
/usr/lib/gcc/avr/4.3.5/avr5/libgcc.a(_copy_data.o)
                              comp.o (__do_copy_data)
/usr/lib/gcc/avr/4.3.5/avr5/libgcc.a(_clear_bss.o)
                              /home/alina/ca/magn/Make-dir/libcore.a(wiring.o) (__do_clear_bss)
/usr/lib/gcc/avr/4.3.5/../../../avr/lib/avr5/libc.a(printf.o)
                              comp.o (printf)
/usr/lib/gcc/avr/4.3.5/../../../avr/lib/avr5/libc.a(vfprintf_std.o)
                              /usr/lib/gcc/avr/4.3.5/../../../avr/lib/avr5/libc.a(printf.o) (vfprintf)
/usr/lib/gcc/avr/4.3.5/../../../avr/lib/avr5/libc.a(strnlen_P.o)
                              /usr/lib/gcc/avr/4.3.5/../../../avr/lib/avr5/libc.a(vfprintf_std.o) (strnlen_P)
/usr/lib/gcc/avr/4.3.5/../../../avr/lib/avr5/libc.a(strnlen.o)
                              /usr/lib/gcc/avr/4.3.5/../../../avr/lib/avr5/libc.a(vfprintf_std.o) (strnlen)
/usr/lib/gcc/avr/4.3.5/../../../avr/lib/avr5/libc.a(fputc.o)
                              /usr/lib/gcc/avr/4.3.5/../../../avr/lib/avr5/libc.a(vfprintf_std.o) (fputc)
/usr/lib/gcc/avr/4.3.5/../../../avr/lib/avr5/libc.a(iob.o)
                              /usr/lib/gcc/avr/4.3.5/../../../avr/lib/avr5/libc.a(printf.o) (__iob)
/usr/lib/gcc/avr/4.3.5/../../../avr/lib/avr5/libc.a(ultoa_invert.o)
                              /usr/lib/gcc/avr/4.3.5/../../../avr/lib/avr5/libc.a(vfprintf_std.o) (__ultoa_invert)
/usr/lib/gcc/avr/4.3.5/avr5/libgcc.a(_prologue.o)
                              /usr/lib/gcc/avr/4.3.5/../../../avr/lib/avr5/libc.a(printf.o) (__prologue_saves__)
/usr/lib/gcc/avr/4.3.5/avr5/libgcc.a(_epilogue.o)
                              /usr/lib/gcc/avr/4.3.5/../../../avr/lib/avr5/libc.a(printf.o) (__epilogue_restores__)

Allocating common symbols
Common symbol       size              file

__iob               0x6               /usr/lib/gcc/avr/4.3.5/../../../avr/lib/avr5/libc.a(iob.o)

Memory Configuration

Name             Origin             Length             Attributes
text             0x00000000         0x00020000         xr
data             0x00800060         0x0000ffa0         rw !x
eeprom           0x00810000         0x00010000         rw !x
fuse             0x00820000         0x00000400         rw !x
lock             0x00830000         0x00000400         rw !x
signature        0x00840000         0x00000400         rw !x
*default*        0x00000000         0xffffffff

Linker script and memory map

Address of section .data set to 0x800100
LOAD /usr/lib/gcc/avr/4.3.5/../../../avr/lib/avr5/crtm328p.o
LOAD comp.o
LOAD /home/alina/ca/magn/Make-dir/libcore.a
LOAD /usr/lib/gcc/avr/4.3.5/../../../avr/lib/avr5/libm.a
LOAD /usr/lib/gcc/avr/4.3.5/avr5/libgcc.a
LOAD /usr/lib/gcc/avr/4.3.5/../../../avr/lib/avr5/libc.a
LOAD /usr/lib/gcc/avr/4.3.5/avr5/libgcc.a

.hash
 *(.hash)

.dynsym
 *(.dynsym)

.dynstr
 *(.dynstr)

.gnu.version
 *(.gnu.version)

.gnu.version_d
 *(.gnu.version_d)

.gnu.version_r
 *(.gnu.version_r)

.rel.init
 *(.rel.init)

.rela.init
 *(.rela.init)

.rel.text
 *(.rel.text)
 *(.rel.text.*)
 *(.rel.gnu.linkonce.t*)

.rela.text
 *(.rela.text)
 *(.rela.text.*)
 *(.rela.gnu.linkonce.t*)

.rel.fini
 *(.rel.fini)

.rela.fini
 *(.rela.fini)

.rel.rodata
 *(.rel.rodata)
 *(.rel.rodata.*)
 *(.rel.gnu.linkonce.r*)

.rela.rodata
 *(.rela.rodata)
 *(.rela.rodata.*)
 *(.rela.gnu.linkonce.r*)

.rel.data
 *(.rel.data)
 *(.rel.data.*)
 *(.rel.gnu.linkonce.d*)

.rela.data
 *(.rela.data)
 *(.rela.data.*)
 *(.rela.gnu.linkonce.d*)

.rel.ctors
 *(.rel.ctors)

.rela.ctors
 *(.rela.ctors)

.rel.dtors
 *(.rel.dtors)

.rela.dtors
 *(.rela.dtors)

.rel.got
 *(.rel.got)

.rela.got
 *(.rela.got)

.rel.bss
 *(.rel.bss)

.rela.bss
 *(.rela.bss)

.rel.plt
 *(.rel.plt)

.rela.plt
 *(.rela.plt)

.text           0x00000000      0xa4a
 *(.vectors)
 .vectors       0x00000000       0x68 /usr/lib/gcc/avr/4.3.5/../../../avr/lib/avr5/crtm328p.o
                0x00000000                __vectors
                0x00000000                __vector_default
 *(.vectors)
 *(.progmem.gcc*)
 *(.progmem*)
                0x00000068                . = ALIGN (0x2)
                0x00000068                __trampolines_start = .
 *(.trampolines)
 .trampolines   0x00000068        0x0 linker stubs
 *(.trampolines*)
                0x00000068                __trampolines_end = .
 *(.jumptables)
 *(.jumptables*)
 *(.lowtext)
 *(.lowtext*)
                0x00000068                __ctors_start = .
 *(.ctors)
                0x00000068                __ctors_end = .
                0x00000068                __dtors_start = .
 *(.dtors)
                0x00000068                __dtors_end = .
 SORT(*)(.ctors)
 SORT(*)(.dtors)
 *(.init0)
 .init0         0x00000068        0x0 /usr/lib/gcc/avr/4.3.5/../../../avr/lib/avr5/crtm328p.o
                0x00000068                __init
 *(.init0)
 *(.init1)
 *(.init1)
 *(.init2)
 .init2         0x00000068        0xc /usr/lib/gcc/avr/4.3.5/../../../avr/lib/avr5/crtm328p.o
 *(.init2)
 *(.init3)
 *(.init3)
 *(.init4)
 .init4         0x00000074       0x16 /usr/lib/gcc/avr/4.3.5/avr5/libgcc.a(_copy_data.o)
                0x00000074                __do_copy_data
 .init4         0x0000008a       0x10 /usr/lib/gcc/avr/4.3.5/avr5/libgcc.a(_clear_bss.o)
                0x0000008a                __do_clear_bss
 *(.init4)
 *(.init5)
 *(.init5)
 *(.init6)
 *(.init6)
 *(.init7)
 *(.init7)
 *(.init8)
 *(.init8)
 *(.init9)
 .init9         0x0000009a        0x8 /usr/lib/gcc/avr/4.3.5/../../../avr/lib/avr5/crtm328p.o
 *(.init9)
 *(.text)
 .text          0x000000a2        0x4 /usr/lib/gcc/avr/4.3.5/../../../avr/lib/avr5/crtm328p.o
                0x000000a2                __vector_22
                0x000000a2                __vector_1
                0x000000a2                __vector_24
                0x000000a2                __vector_12
                0x000000a2                __bad_interrupt
                0x000000a2                __vector_6
                0x000000a2                __vector_3
                0x000000a2                __vector_23
                0x000000a2                __vector_25
                0x000000a2                __vector_11
                0x000000a2                __vector_13
                0x000000a2                __vector_17
                0x000000a2                __vector_19
                0x000000a2                __vector_7
                0x000000a2                __vector_5
                0x000000a2                __vector_4
                0x000000a2                __vector_9
                0x000000a2                __vector_2
                0x000000a2                __vector_21
                0x000000a2                __vector_15
                0x000000a2                __vector_8
                0x000000a2                __vector_14
                0x000000a2                __vector_10
                0x000000a2                __vector_18
                0x000000a2                __vector_20
 .text          0x000000a6        0x0 comp.o
 .text          0x000000a6        0x0 /home/alina/ca/magn/Make-dir/libcore.a(wiring.o)
 .text          0x000000a6        0x0 /usr/lib/gcc/avr/4.3.5/avr5/libgcc.a(_exit.o)
 .text          0x000000a6        0x0 /usr/lib/gcc/avr/4.3.5/avr5/libgcc.a(_copy_data.o)
 .text          0x000000a6        0x0 /usr/lib/gcc/avr/4.3.5/avr5/libgcc.a(_clear_bss.o)
 .text          0x000000a6        0x0 /usr/lib/gcc/avr/4.3.5/../../../avr/lib/avr5/libc.a(printf.o)
 .text          0x000000a6        0x0 /usr/lib/gcc/avr/4.3.5/../../../avr/lib/avr5/libc.a(vfprintf_std.o)
 .text          0x000000a6        0x0 /usr/lib/gcc/avr/4.3.5/../../../avr/lib/avr5/libc.a(strnlen_P.o)
 .text          0x000000a6        0x0 /usr/lib/gcc/avr/4.3.5/../../../avr/lib/avr5/libc.a(strnlen.o)
 .text          0x000000a6        0x0 /usr/lib/gcc/avr/4.3.5/../../../avr/lib/avr5/libc.a(fputc.o)
 .text          0x000000a6        0x0 /usr/lib/gcc/avr/4.3.5/../../../avr/lib/avr5/libc.a(iob.o)
 .text          0x000000a6        0x0 /usr/lib/gcc/avr/4.3.5/../../../avr/lib/avr5/libc.a(ultoa_invert.o)
 .text          0x000000a6        0x0 /usr/lib/gcc/avr/4.3.5/avr5/libgcc.a(_prologue.o)
 .text          0x000000a6        0x0 /usr/lib/gcc/avr/4.3.5/avr5/libgcc.a(_epilogue.o)
                0x000000a6                . = ALIGN (0x2)
 *(.text.*)
 .text.sendStart
                0x000000a6        0x8 comp.o
                0x000000a6                sendStart
 .text.sendStop
                0x000000ae       0x20 comp.o
                0x000000ae                sendStop
 .text.sendByte
                0x000000ce       0x26 comp.o
                0x000000ce                sendByte
 .text.receiveByte
                0x000000f4       0x42 comp.o
                0x000000f4                receiveByte
 .text.getValues
                0x00000136       0x88 comp.o
                0x00000136                getValues
 .text.readStatus
                0x000001be       0x1e comp.o
                0x000001be                readStatus
 .text.waitForReady
                0x000001dc       0x1a comp.o
                0x000001dc                waitForReady
 .text.in       0x000001f6       0x3c comp.o
                0x000001f6                in
 .text.main     0x00000232       0xae comp.o
                0x00000232                main
 .text.__vector_16
                0x000002e0       0x90 /home/alina/ca/magn/Make-dir/libcore.a(wiring.o)
                0x000002e0                __vector_16
 .text.millis   0x00000370       0x1c /home/alina/ca/magn/Make-dir/libcore.a(wiring.o)
                0x00000370                millis
 .text.micros   0x0000038c       0x4c /home/alina/ca/magn/Make-dir/libcore.a(wiring.o)
                0x0000038c                micros
 .text.delay    0x000003d8       0x54 /home/alina/ca/magn/Make-dir/libcore.a(wiring.o)
                0x000003d8                delay
 .text.delayMicroseconds
                0x0000042c       0x14 /home/alina/ca/magn/Make-dir/libcore.a(wiring.o)
                0x0000042c                delayMicroseconds
 .text.init     0x00000440       0x74 /home/alina/ca/magn/Make-dir/libcore.a(wiring.o)
                0x00000440                init
 .text.libgcc   0x000004b4        0x0 /usr/lib/gcc/avr/4.3.5/avr5/libgcc.a(_exit.o)
 .text.libgcc   0x000004b4        0x0 /usr/lib/gcc/avr/4.3.5/avr5/libgcc.a(_copy_data.o)
 .text.libgcc   0x000004b4        0x0 /usr/lib/gcc/avr/4.3.5/avr5/libgcc.a(_clear_bss.o)
 .text.avr-libc
                0x000004b4       0x2a /usr/lib/gcc/avr/4.3.5/../../../avr/lib/avr5/libc.a(printf.o)
                0x000004b4                printf
 .text.avr-libc
                0x000004de      0x3ba /usr/lib/gcc/avr/4.3.5/../../../avr/lib/avr5/libc.a(vfprintf_std.o)
                0x000004de                vfprintf
 .text.avr-libc
                0x00000898       0x16 /usr/lib/gcc/avr/4.3.5/../../../avr/lib/avr5/libc.a(strnlen_P.o)
                0x00000898                strnlen_P
 .text.avr-libc
                0x000008ae       0x16 /usr/lib/gcc/avr/4.3.5/../../../avr/lib/avr5/libc.a(strnlen.o)
                0x000008ae                strnlen
 .text.avr-libc
                0x000008c4       0x58 /usr/lib/gcc/avr/4.3.5/../../../avr/lib/avr5/libc.a(fputc.o)
                0x000008c4                fputc
 .text.avr-libc
                0x0000091c       0xbc /usr/lib/gcc/avr/4.3.5/../../../avr/lib/avr5/libc.a(ultoa_invert.o)
                0x0000091c                __ultoa_invert
 .text.libgcc   0x000009d8       0x38 /usr/lib/gcc/avr/4.3.5/avr5/libgcc.a(_prologue.o)
                0x000009d8                __prologue_saves__
 .text.libgcc   0x00000a10       0x36 /usr/lib/gcc/avr/4.3.5/avr5/libgcc.a(_epilogue.o)
                0x00000a10                __epilogue_restores__
                0x00000a46                . = ALIGN (0x2)
 *(.fini9)
 .fini9         0x00000a46        0x0 /usr/lib/gcc/avr/4.3.5/avr5/libgcc.a(_exit.o)
                0x00000a46                exit
                0x00000a46                _exit
 *(.fini9)
 *(.fini8)
 *(.fini8)
 *(.fini7)
 *(.fini7)
 *(.fini6)
 *(.fini6)
 *(.fini5)
 *(.fini5)
 *(.fini4)
 *(.fini4)
 *(.fini3)
 *(.fini3)
 *(.fini2)
 *(.fini2)
 *(.fini1)
 *(.fini1)
 *(.fini0)
 .fini0         0x00000a46        0x4 /usr/lib/gcc/avr/4.3.5/avr5/libgcc.a(_exit.o)
 *(.fini0)
                0x00000a4a                _etext = .

.data           0x00800100       0x14 load address 0x00000a4a
                0x00800100                PROVIDE (__data_start, .)
 *(.data)
 .data          0x00800100        0x0 /usr/lib/gcc/avr/4.3.5/../../../avr/lib/avr5/crtm328p.o
 .data          0x00800100       0x13 comp.o
 .data          0x00800113        0x0 /home/alina/ca/magn/Make-dir/libcore.a(wiring.o)
 .data          0x00800113        0x0 /usr/lib/gcc/avr/4.3.5/avr5/libgcc.a(_exit.o)
 .data          0x00800113        0x0 /usr/lib/gcc/avr/4.3.5/avr5/libgcc.a(_copy_data.o)
 .data          0x00800113        0x0 /usr/lib/gcc/avr/4.3.5/avr5/libgcc.a(_clear_bss.o)
 .data          0x00800113        0x0 /usr/lib/gcc/avr/4.3.5/../../../avr/lib/avr5/libc.a(printf.o)
 .data          0x00800113        0x0 /usr/lib/gcc/avr/4.3.5/../../../avr/lib/avr5/libc.a(vfprintf_std.o)
 .data          0x00800113        0x0 /usr/lib/gcc/avr/4.3.5/../../../avr/lib/avr5/libc.a(strnlen_P.o)
 .data          0x00800113        0x0 /usr/lib/gcc/avr/4.3.5/../../../avr/lib/avr5/libc.a(strnlen.o)
 .data          0x00800113        0x0 /usr/lib/gcc/avr/4.3.5/../../../avr/lib/avr5/libc.a(fputc.o)
 .data          0x00800113        0x0 /usr/lib/gcc/avr/4.3.5/../../../avr/lib/avr5/libc.a(iob.o)
 .data          0x00800113        0x0 /usr/lib/gcc/avr/4.3.5/../../../avr/lib/avr5/libc.a(ultoa_invert.o)
 .data          0x00800113        0x0 /usr/lib/gcc/avr/4.3.5/avr5/libgcc.a(_prologue.o)
 .data          0x00800113        0x0 /usr/lib/gcc/avr/4.3.5/avr5/libgcc.a(_epilogue.o)
 *(.data*)
 *(.rodata)
 *(.rodata*)
 *(.gnu.linkonce.d*)
                0x00800114                . = ALIGN (0x2)
 *fill*         0x00800113        0x1 00
                0x00800114                _edata = .
                0x00800114                PROVIDE (__data_end, .)

.bss            0x00800114        0xf
                0x00800114                PROVIDE (__bss_start, .)
 *(.bss)
 .bss           0x00800114        0x0 /usr/lib/gcc/avr/4.3.5/../../../avr/lib/avr5/crtm328p.o
 .bss           0x00800114        0x0 comp.o
 .bss           0x00800114        0x0 /home/alina/ca/magn/Make-dir/libcore.a(wiring.o)
 .bss           0x00800114        0x0 /usr/lib/gcc/avr/4.3.5/avr5/libgcc.a(_exit.o)
 .bss           0x00800114        0x0 /usr/lib/gcc/avr/4.3.5/avr5/libgcc.a(_copy_data.o)
 .bss           0x00800114        0x0 /usr/lib/gcc/avr/4.3.5/avr5/libgcc.a(_clear_bss.o)
 .bss           0x00800114        0x0 /usr/lib/gcc/avr/4.3.5/../../../avr/lib/avr5/libc.a(printf.o)
 .bss           0x00800114        0x0 /usr/lib/gcc/avr/4.3.5/../../../avr/lib/avr5/libc.a(vfprintf_std.o)
 .bss           0x00800114        0x0 /usr/lib/gcc/avr/4.3.5/../../../avr/lib/avr5/libc.a(strnlen_P.o)
 .bss           0x00800114        0x0 /usr/lib/gcc/avr/4.3.5/../../../avr/lib/avr5/libc.a(strnlen.o)
 .bss           0x00800114        0x0 /usr/lib/gcc/avr/4.3.5/../../../avr/lib/avr5/libc.a(fputc.o)
 .bss           0x00800114        0x0 /usr/lib/gcc/avr/4.3.5/../../../avr/lib/avr5/libc.a(iob.o)
 .bss           0x00800114        0x0 /usr/lib/gcc/avr/4.3.5/../../../avr/lib/avr5/libc.a(ultoa_invert.o)
 .bss           0x00800114        0x0 /usr/lib/gcc/avr/4.3.5/avr5/libgcc.a(_prologue.o)
 .bss           0x00800114        0x0 /usr/lib/gcc/avr/4.3.5/avr5/libgcc.a(_epilogue.o)
 *(.bss*)
 .bss.timer0_overflow_count
                0x00800114        0x4 /home/alina/ca/magn/Make-dir/libcore.a(wiring.o)
                0x00800114                timer0_overflow_count
 .bss.timer0_millis
                0x00800118        0x4 /home/alina/ca/magn/Make-dir/libcore.a(wiring.o)
                0x00800118                timer0_millis
 .bss.timer0_fract
                0x0080011c        0x1 /home/alina/ca/magn/Make-dir/libcore.a(wiring.o)
 *(COMMON)
 COMMON         0x0080011d        0x6 /usr/lib/gcc/avr/4.3.5/../../../avr/lib/avr5/libc.a(iob.o)
                0x0080011d                __iob
                0x00800123                PROVIDE (__bss_end, .)
                0x00000a4a                __data_load_start = LOADADDR (.data)
                0x00000a5e                __data_load_end = (__data_load_start + SIZEOF (.data))

.noinit         0x00800123        0x0
                0x00800123                PROVIDE (__noinit_start, .)
 *(.noinit*)
                0x00800123                PROVIDE (__noinit_end, .)
                0x00800123                _end = .
                0x00800123                PROVIDE (__heap_start, .)

.eeprom         0x00810000        0x0
 *(.eeprom*)
                0x00810000                __eeprom_end = .

.fuse
 *(.fuse)
 *(.lfuse)
 *(.hfuse)
 *(.efuse)

.lock
 *(.lock*)

.signature
 *(.signature*)

.stab           0x00000000     0x2d18
 *(.stab)
 .stab          0x00000000      0x6b4 /usr/lib/gcc/avr/4.3.5/../../../avr/lib/avr5/crtm328p.o
 .stab          0x000006b4      0xa38 comp.o
                                0xa44 (size before relaxing)
 .stab          0x000010ec      0x6f0 /home/alina/ca/magn/Make-dir/libcore.a(wiring.o)
                                0x900 (size before relaxing)
 .stab          0x000017dc      0x324 /usr/lib/gcc/avr/4.3.5/../../../avr/lib/avr5/libc.a(printf.o)
                                0x36c (size before relaxing)
 .stab          0x00001b00      0x960 /usr/lib/gcc/avr/4.3.5/../../../avr/lib/avr5/libc.a(vfprintf_std.o)
                                0xb58 (size before relaxing)
 .stab          0x00002460       0x9c /usr/lib/gcc/avr/4.3.5/../../../avr/lib/avr5/libc.a(strnlen_P.o)
                                 0xa8 (size before relaxing)
 .stab          0x000024fc       0x9c /usr/lib/gcc/avr/4.3.5/../../../avr/lib/avr5/libc.a(strnlen.o)
                                 0xa8 (size before relaxing)
 .stab          0x00002598      0x1d4 /usr/lib/gcc/avr/4.3.5/../../../avr/lib/avr5/libc.a(fputc.o)
                                0x3b4 (size before relaxing)
 .stab          0x0000276c      0x12c /usr/lib/gcc/avr/4.3.5/../../../avr/lib/avr5/libc.a(iob.o)
                                0x30c (size before relaxing)
 .stab          0x00002898      0x480 /usr/lib/gcc/avr/4.3.5/../../../avr/lib/avr5/libc.a(ultoa_invert.o)
                                0x48c (size before relaxing)

.stabstr        0x00000000     0x13da
 *(.stabstr)
 .stabstr       0x00000000     0x13da /usr/lib/gcc/avr/4.3.5/../../../avr/lib/avr5/crtm328p.o

.stab.excl
 *(.stab.excl)

.stab.exclstr
 *(.stab.exclstr)

.stab.index
 *(.stab.index)

.stab.indexstr
 *(.stab.indexstr)

.comment
 *(.comment)

.debug
 *(.debug)

.line
 *(.line)

.debug_srcinfo
 *(.debug_srcinfo)

.debug_sfnames
 *(.debug_sfnames)

.debug_aranges
 *(.debug_aranges)

.debug_pubnames
 *(.debug_pubnames)

.debug_info
 *(.debug_info)
 *(.gnu.linkonce.wi.*)

.debug_abbrev
 *(.debug_abbrev)

.debug_line
 *(.debug_line)

.debug_frame
 *(.debug_frame)

.debug_str
 *(.debug_str)

.debug_loc
 *(.debug_loc)

.debug_macinfo
 *(.debug_macinfo)
OUTPUT(comp.elf elf32-avr)
LOAD linker stubs

Cross Reference Table

Symbol                                            File
__bad_interrupt                                   /usr/lib/gcc/avr/4.3.5/../../../avr/lib/avr5/crtm328p.o
__bss_end                                         /usr/lib/gcc/avr/4.3.5/avr5/libgcc.a(_clear_bss.o)
__bss_start                                       /usr/lib/gcc/avr/4.3.5/avr5/libgcc.a(_clear_bss.o)
__data_end                                        /usr/lib/gcc/avr/4.3.5/avr5/libgcc.a(_copy_data.o)
__data_load_start                                 /usr/lib/gcc/avr/4.3.5/avr5/libgcc.a(_copy_data.o)
__data_start                                      /usr/lib/gcc/avr/4.3.5/avr5/libgcc.a(_copy_data.o)
__do_clear_bss                                    /usr/lib/gcc/avr/4.3.5/avr5/libgcc.a(_clear_bss.o)
                                                  /usr/lib/gcc/avr/4.3.5/../../../avr/lib/avr5/libc.a(iob.o)
                                                  /home/alina/ca/magn/Make-dir/libcore.a(wiring.o)
__do_copy_data                                    /usr/lib/gcc/avr/4.3.5/avr5/libgcc.a(_copy_data.o)
                                                  comp.o
__epilogue_restores__                             /usr/lib/gcc/avr/4.3.5/avr5/libgcc.a(_epilogue.o)
                                                  /usr/lib/gcc/avr/4.3.5/../../../avr/lib/avr5/libc.a(vfprintf_std.o)
                                                  /usr/lib/gcc/avr/4.3.5/../../../avr/lib/avr5/libc.a(printf.o)
__heap_end                                        /usr/lib/gcc/avr/4.3.5/../../../avr/lib/avr5/crtm328p.o
__init                                            /usr/lib/gcc/avr/4.3.5/../../../avr/lib/avr5/crtm328p.o
__iob                                             /usr/lib/gcc/avr/4.3.5/../../../avr/lib/avr5/libc.a(iob.o)
                                                  /usr/lib/gcc/avr/4.3.5/../../../avr/lib/avr5/libc.a(printf.o)
__prologue_saves__                                /usr/lib/gcc/avr/4.3.5/avr5/libgcc.a(_prologue.o)
                                                  /usr/lib/gcc/avr/4.3.5/../../../avr/lib/avr5/libc.a(vfprintf_std.o)
                                                  /usr/lib/gcc/avr/4.3.5/../../../avr/lib/avr5/libc.a(printf.o)
__stack                                           /usr/lib/gcc/avr/4.3.5/../../../avr/lib/avr5/crtm328p.o
__ultoa_invert                                    /usr/lib/gcc/avr/4.3.5/../../../avr/lib/avr5/libc.a(ultoa_invert.o)
                                                  /usr/lib/gcc/avr/4.3.5/../../../avr/lib/avr5/libc.a(vfprintf_std.o)
__vector_1                                        /usr/lib/gcc/avr/4.3.5/../../../avr/lib/avr5/crtm328p.o
__vector_10                                       /usr/lib/gcc/avr/4.3.5/../../../avr/lib/avr5/crtm328p.o
__vector_11                                       /usr/lib/gcc/avr/4.3.5/../../../avr/lib/avr5/crtm328p.o
__vector_12                                       /usr/lib/gcc/avr/4.3.5/../../../avr/lib/avr5/crtm328p.o
__vector_13                                       /usr/lib/gcc/avr/4.3.5/../../../avr/lib/avr5/crtm328p.o
__vector_14                                       /usr/lib/gcc/avr/4.3.5/../../../avr/lib/avr5/crtm328p.o
__vector_15                                       /usr/lib/gcc/avr/4.3.5/../../../avr/lib/avr5/crtm328p.o
__vector_16                                       /home/alina/ca/magn/Make-dir/libcore.a(wiring.o)
                                                  /usr/lib/gcc/avr/4.3.5/../../../avr/lib/avr5/crtm328p.o
__vector_17                                       /usr/lib/gcc/avr/4.3.5/../../../avr/lib/avr5/crtm328p.o
__vector_18                                       /usr/lib/gcc/avr/4.3.5/../../../avr/lib/avr5/crtm328p.o
__vector_19                                       /usr/lib/gcc/avr/4.3.5/../../../avr/lib/avr5/crtm328p.o
__vector_2                                        /usr/lib/gcc/avr/4.3.5/../../../avr/lib/avr5/crtm328p.o
__vector_20                                       /usr/lib/gcc/avr/4.3.5/../../../avr/lib/avr5/crtm328p.o
__vector_21                                       /usr/lib/gcc/avr/4.3.5/../../../avr/lib/avr5/crtm328p.o
__vector_22                                       /usr/lib/gcc/avr/4.3.5/../../../avr/lib/avr5/crtm328p.o
__vector_23                                       /usr/lib/gcc/avr/4.3.5/../../../avr/lib/avr5/crtm328p.o
__vector_24                                       /usr/lib/gcc/avr/4.3.5/../../../avr/lib/avr5/crtm328p.o
__vector_25                                       /usr/lib/gcc/avr/4.3.5/../../../avr/lib/avr5/crtm328p.o
__vector_3                                        /usr/lib/gcc/avr/4.3.5/../../../avr/lib/avr5/crtm328p.o
__vector_4                                        /usr/lib/gcc/avr/4.3.5/../../../avr/lib/avr5/crtm328p.o
__vector_5                                        /usr/lib/gcc/avr/4.3.5/../../../avr/lib/avr5/crtm328p.o
__vector_6                                        /usr/lib/gcc/avr/4.3.5/../../../avr/lib/avr5/crtm328p.o
__vector_7                                        /usr/lib/gcc/avr/4.3.5/../../../avr/lib/avr5/crtm328p.o
__vector_8                                        /usr/lib/gcc/avr/4.3.5/../../../avr/lib/avr5/crtm328p.o
__vector_9                                        /usr/lib/gcc/avr/4.3.5/../../../avr/lib/avr5/crtm328p.o
__vector_default                                  /usr/lib/gcc/avr/4.3.5/../../../avr/lib/avr5/crtm328p.o
__vectors                                         /usr/lib/gcc/avr/4.3.5/../../../avr/lib/avr5/crtm328p.o
_exit                                             /usr/lib/gcc/avr/4.3.5/avr5/libgcc.a(_exit.o)
delay                                             /home/alina/ca/magn/Make-dir/libcore.a(wiring.o)
                                                  comp.o
delayMicroseconds                                 /home/alina/ca/magn/Make-dir/libcore.a(wiring.o)
exit                                              /usr/lib/gcc/avr/4.3.5/avr5/libgcc.a(_exit.o)
                                                  /usr/lib/gcc/avr/4.3.5/../../../avr/lib/avr5/crtm328p.o
fputc                                             /usr/lib/gcc/avr/4.3.5/../../../avr/lib/avr5/libc.a(fputc.o)
                                                  /usr/lib/gcc/avr/4.3.5/../../../avr/lib/avr5/libc.a(vfprintf_std.o)
getValues                                         comp.o
in                                                comp.o
init                                              /home/alina/ca/magn/Make-dir/libcore.a(wiring.o)
                                                  comp.o
main                                              comp.o
                                                  /usr/lib/gcc/avr/4.3.5/../../../avr/lib/avr5/crtm328p.o
micros                                            /home/alina/ca/magn/Make-dir/libcore.a(wiring.o)
millis                                            /home/alina/ca/magn/Make-dir/libcore.a(wiring.o)
printf                                            /usr/lib/gcc/avr/4.3.5/../../../avr/lib/avr5/libc.a(printf.o)
                                                  comp.o
readStatus                                        comp.o
receiveByte                                       comp.o
sendByte                                          comp.o
sendStart                                         comp.o
sendStop                                          comp.o
strnlen                                           /usr/lib/gcc/avr/4.3.5/../../../avr/lib/avr5/libc.a(strnlen.o)
                                                  /usr/lib/gcc/avr/4.3.5/../../../avr/lib/avr5/libc.a(vfprintf_std.o)
strnlen_P                                         /usr/lib/gcc/avr/4.3.5/../../../avr/lib/avr5/libc.a(strnlen_P.o)
                                                  /usr/lib/gcc/avr/4.3.5/../../../avr/lib/avr5/libc.a(vfprintf_std.o)
timer0_millis                                     /home/alina/ca/magn/Make-dir/libcore.a(wiring.o)
timer0_overflow_count                             /home/alina/ca/magn/Make-dir/libcore.a(wiring.o)
vfprintf                                          /usr/lib/gcc/avr/4.3.5/../../../avr/lib/avr5/libc.a(vfprintf_std.o)
                                                  /usr/lib/gcc/avr/4.3.5/../../../avr/lib/avr5/libc.a(printf.o)
waitForReady                                      comp.o
